../Core/Src/main.c:29:6:BootJumpToApplication	32	static,ignoring_inline_asm
../Core/Src/main.c:102:6:SOFT_RESET	8	static,ignoring_inline_asm
../Core/Src/main.c:113:5:main	16	static,ignoring_inline_asm
../Core/Src/main.c:216:6:SystemClock_Config	72	static
../Core/Src/main.c:256:13:MX_CRC_Init	8	static
../Core/Src/main.c:282:13:MX_TIM3_Init	64	static
../Core/Src/main.c:341:13:MX_USART1_UART_Init	8	static
../Core/Src/main.c:374:13:MX_USART2_UART_Init	8	static
../Core/Src/main.c:407:13:MX_GPIO_Init	40	static
../Core/Src/main.c:450:6:Error_Handler	4	static,ignoring_inline_asm
